Archive member included to satisfy reference by file (symbol)

c:/st/stm32cubeide_1.12.1/stm32cubeide/plugins/com.st.stm32cube.ide.mcu.externaltools.gnu-tools-for-stm32.10.3-2021.10.win32_1.0.200.202301161003/tools/bin/../lib/gcc/arm-none-eabi/10.3.1/../../../../arm-none-eabi/lib/thumb/v7e-m+fp/hard\libc_nano.a(lib_a-errno.o)
                              ./Core/Src/syscalls.o (__errno)
c:/st/stm32cubeide_1.12.1/stm32cubeide/plugins/com.st.stm32cube.ide.mcu.externaltools.gnu-tools-for-stm32.10.3-2021.10.win32_1.0.200.202301161003/tools/bin/../lib/gcc/arm-none-eabi/10.3.1/../../../../arm-none-eabi/lib/thumb/v7e-m+fp/hard\libc_nano.a(lib_a-exit.o)
                              c:/st/stm32cubeide_1.12.1/stm32cubeide/plugins/com.st.stm32cube.ide.mcu.externaltools.gnu-tools-for-stm32.10.3-2021.10.win32_1.0.200.202301161003/tools/bin/../lib/gcc/arm-none-eabi/10.3.1/../../../../arm-none-eabi/lib/thumb/v7e-m+fp/hard/crt0.o (exit)
c:/st/stm32cubeide_1.12.1/stm32cubeide/plugins/com.st.stm32cube.ide.mcu.externaltools.gnu-tools-for-stm32.10.3-2021.10.win32_1.0.200.202301161003/tools/bin/../lib/gcc/arm-none-eabi/10.3.1/../../../../arm-none-eabi/lib/thumb/v7e-m+fp/hard\libc_nano.a(lib_a-impure.o)
                              c:/st/stm32cubeide_1.12.1/stm32cubeide/plugins/com.st.stm32cube.ide.mcu.externaltools.gnu-tools-for-stm32.10.3-2021.10.win32_1.0.200.202301161003/tools/bin/../lib/gcc/arm-none-eabi/10.3.1/../../../../arm-none-eabi/lib/thumb/v7e-m+fp/hard\libc_nano.a(lib_a-exit.o) (_global_impure_ptr)
c:/st/stm32cubeide_1.12.1/stm32cubeide/plugins/com.st.stm32cube.ide.mcu.externaltools.gnu-tools-for-stm32.10.3-2021.10.win32_1.0.200.202301161003/tools/bin/../lib/gcc/arm-none-eabi/10.3.1/../../../../arm-none-eabi/lib/thumb/v7e-m+fp/hard\libc_nano.a(lib_a-init.o)
                              c:/st/stm32cubeide_1.12.1/stm32cubeide/plugins/com.st.stm32cube.ide.mcu.externaltools.gnu-tools-for-stm32.10.3-2021.10.win32_1.0.200.202301161003/tools/bin/../lib/gcc/arm-none-eabi/10.3.1/../../../../arm-none-eabi/lib/thumb/v7e-m+fp/hard/crt0.o (__libc_init_array)
c:/st/stm32cubeide_1.12.1/stm32cubeide/plugins/com.st.stm32cube.ide.mcu.externaltools.gnu-tools-for-stm32.10.3-2021.10.win32_1.0.200.202301161003/tools/bin/../lib/gcc/arm-none-eabi/10.3.1/../../../../arm-none-eabi/lib/thumb/v7e-m+fp/hard\libc_nano.a(lib_a-memset.o)
                              c:/st/stm32cubeide_1.12.1/stm32cubeide/plugins/com.st.stm32cube.ide.mcu.externaltools.gnu-tools-for-stm32.10.3-2021.10.win32_1.0.200.202301161003/tools/bin/../lib/gcc/arm-none-eabi/10.3.1/../../../../arm-none-eabi/lib/thumb/v7e-m+fp/hard/crt0.o (memset)

Discarded input sections

 .text          0x0000000000000000        0x0 c:/st/stm32cubeide_1.12.1/stm32cubeide/plugins/com.st.stm32cube.ide.mcu.externaltools.gnu-tools-for-stm32.10.3-2021.10.win32_1.0.200.202301161003/tools/bin/../lib/gcc/arm-none-eabi/10.3.1/thumb/v7e-m+fp/hard/crti.o
 .data          0x0000000000000000        0x0 c:/st/stm32cubeide_1.12.1/stm32cubeide/plugins/com.st.stm32cube.ide.mcu.externaltools.gnu-tools-for-stm32.10.3-2021.10.win32_1.0.200.202301161003/tools/bin/../lib/gcc/arm-none-eabi/10.3.1/thumb/v7e-m+fp/hard/crti.o
 .bss           0x0000000000000000        0x0 c:/st/stm32cubeide_1.12.1/stm32cubeide/plugins/com.st.stm32cube.ide.mcu.externaltools.gnu-tools-for-stm32.10.3-2021.10.win32_1.0.200.202301161003/tools/bin/../lib/gcc/arm-none-eabi/10.3.1/thumb/v7e-m+fp/hard/crti.o
 .data          0x0000000000000000        0x4 c:/st/stm32cubeide_1.12.1/stm32cubeide/plugins/com.st.stm32cube.ide.mcu.externaltools.gnu-tools-for-stm32.10.3-2021.10.win32_1.0.200.202301161003/tools/bin/../lib/gcc/arm-none-eabi/10.3.1/thumb/v7e-m+fp/hard/crtbegin.o
 .rodata        0x0000000000000000       0x24 c:/st/stm32cubeide_1.12.1/stm32cubeide/plugins/com.st.stm32cube.ide.mcu.externaltools.gnu-tools-for-stm32.10.3-2021.10.win32_1.0.200.202301161003/tools/bin/../lib/gcc/arm-none-eabi/10.3.1/thumb/v7e-m+fp/hard/crtbegin.o
 .text          0x0000000000000000       0x7c c:/st/stm32cubeide_1.12.1/stm32cubeide/plugins/com.st.stm32cube.ide.mcu.externaltools.gnu-tools-for-stm32.10.3-2021.10.win32_1.0.200.202301161003/tools/bin/../lib/gcc/arm-none-eabi/10.3.1/../../../../arm-none-eabi/lib/thumb/v7e-m+fp/hard/crt0.o
 .data          0x0000000000000000        0x0 c:/st/stm32cubeide_1.12.1/stm32cubeide/plugins/com.st.stm32cube.ide.mcu.externaltools.gnu-tools-for-stm32.10.3-2021.10.win32_1.0.200.202301161003/tools/bin/../lib/gcc/arm-none-eabi/10.3.1/../../../../arm-none-eabi/lib/thumb/v7e-m+fp/hard/crt0.o
 .bss           0x0000000000000000        0x0 c:/st/stm32cubeide_1.12.1/stm32cubeide/plugins/com.st.stm32cube.ide.mcu.externaltools.gnu-tools-for-stm32.10.3-2021.10.win32_1.0.200.202301161003/tools/bin/../lib/gcc/arm-none-eabi/10.3.1/../../../../arm-none-eabi/lib/thumb/v7e-m+fp/hard/crt0.o
[...]
Memory Configuration

Name             Origin             Length             Attributes
RAM              0x0000000020000000 0x0000000000004000 xrw
FLASH            0x0000000008000000 0x0000000000010000 xr
*default*        0x0000000000000000 0xffffffffffffffff

Linker script and memory map

LOAD c:/st/stm32cubeide_1.12.1/stm32cubeide/plugins/com.st.stm32cube.ide.mcu.externaltools.gnu-tools-for-stm32.10.3-2021.10.win32_1.0.200.202301161003/tools/bin/../lib/gcc/arm-none-eabi/10.3.1/thumb/v7e-m+fp/hard/crti.o
LOAD c:/st/stm32cubeide_1.12.1/stm32cubeide/plugins/com.st.stm32cube.ide.mcu.externaltools.gnu-tools-for-stm32.10.3-2021.10.win32_1.0.200.202301161003/tools/bin/../lib/gcc/arm-none-eabi/10.3.1/thumb/v7e-m+fp/hard/crtbegin.o
LOAD c:/st/stm32cubeide_1.12.1/stm32cubeide/plugins/com.st.stm32cube.ide.mcu.externaltools.gnu-tools-for-stm32.10.3-2021.10.win32_1.0.200.202301161003/tools/bin/../lib/gcc/arm-none-eabi/10.3.1/../../../../arm-none-eabi/lib/thumb/v7e-m+fp/hard/crt0.o
LOAD ./Core/MCLIB/ControlFunctions.o
LOAD ./Core/MCLIB/GeneralFunctions.o
LOAD ./Core/MCLIB/GlogalVariables.o
LOAD ./Core/MCLIB/SignalReadWrite.o
LOAD ./Core/MCLIB/SixsStep.o
LOAD ./Core/Src/main.o
LOAD ./Core/Src/stm32f3xx_hal_msp.o
LOAD ./Core/Src/stm32f3xx_it.o
LOAD ./Core/Src/syscalls.o
LOAD ./Core/Src/sysmem.o
LOAD ./Core/Src/system_stm32f3xx.o
LOAD ./Core/Startup/startup_stm32f302r8tx.o
LOAD ./Drivers/STM32F3xx_HAL_Driver/Src/stm32f3xx_hal.o
LOAD ./Drivers/STM32F3xx_HAL_Driver/Src/stm32f3xx_hal_adc.o
LOAD ./Drivers/STM32F3xx_HAL_Driver/Src/stm32f3xx_hal_adc_ex.o
LOAD ./Drivers/STM32F3xx_HAL_Driver/Src/stm32f3xx_hal_cortex.o
LOAD ./Drivers/STM32F3xx_HAL_Driver/Src/stm32f3xx_hal_dma.o
LOAD ./Drivers/STM32F3xx_HAL_Driver/Src/stm32f3xx_hal_exti.o
LOAD ./Drivers/STM32F3xx_HAL_Driver/Src/stm32f3xx_hal_flash.o
LOAD ./Drivers/STM32F3xx_HAL_Driver/Src/stm32f3xx_hal_flash_ex.o
LOAD ./Drivers/STM32F3xx_HAL_Driver/Src/stm32f3xx_hal_gpio.o
LOAD ./Drivers/STM32F3xx_HAL_Driver/Src/stm32f3xx_hal_i2c.o
LOAD ./Drivers/STM32F3xx_HAL_Driver/Src/stm32f3xx_hal_i2c_ex.o
LOAD ./Drivers/STM32F3xx_HAL_Driver/Src/stm32f3xx_hal_pwr.o
LOAD ./Drivers/STM32F3xx_HAL_Driver/Src/stm32f3xx_hal_pwr_ex.o
LOAD ./Drivers/STM32F3xx_HAL_Driver/Src/stm32f3xx_hal_rcc.o
LOAD ./Drivers/STM32F3xx_HAL_Driver/Src/stm32f3xx_hal_rcc_ex.o
LOAD ./Drivers/STM32F3xx_HAL_Driver/Src/stm32f3xx_hal_tim.o
LOAD ./Drivers/STM32F3xx_HAL_Driver/Src/stm32f3xx_hal_tim_ex.o
LOAD ./Drivers/STM32F3xx_HAL_Driver/Src/stm32f3xx_hal_uart.o
LOAD ./Drivers/STM32F3xx_HAL_Driver/Src/stm32f3xx_hal_uart_ex.o
START GROUP
LOAD c:/st/stm32cubeide_1.12.1/stm32cubeide/plugins/com.st.stm32cube.ide.mcu.externaltools.gnu-tools-for-stm32.10.3-2021.10.win32_1.0.200.202301161003/tools/bin/../lib/gcc/arm-none-eabi/10.3.1/../../../../arm-none-eabi/lib/thumb/v7e-m+fp/hard\libc_nano.a
LOAD c:/st/stm32cubeide_1.12.1/stm32cubeide/plugins/com.st.stm32cube.ide.mcu.externaltools.gnu-tools-for-stm32.10.3-2021.10.win32_1.0.200.202301161003/tools/bin/../lib/gcc/arm-none-eabi/10.3.1/../../../../arm-none-eabi/lib/thumb/v7e-m+fp/hard\libm.a
END GROUP
START GROUP
LOAD c:/st/stm32cubeide_1.12.1/stm32cubeide/plugins/com.st.stm32cube.ide.mcu.externaltools.gnu-tools-for-stm32.10.3-2021.10.win32_1.0.200.202301161003/tools/bin/../lib/gcc/arm-none-eabi/10.3.1/thumb/v7e-m+fp/hard\libgcc.a
LOAD c:/st/stm32cubeide_1.12.1/stm32cubeide/plugins/com.st.stm32cube.ide.mcu.externaltools.gnu-tools-for-stm32.10.3-2021.10.win32_1.0.200.202301161003/tools/bin/../lib/gcc/arm-none-eabi/10.3.1/../../../../arm-none-eabi/lib/thumb/v7e-m+fp/hard\libc_nano.a
END GROUP
START GROUP
LOAD c:/st/stm32cubeide_1.12.1/stm32cubeide/plugins/com.st.stm32cube.ide.mcu.externaltools.gnu-tools-for-stm32.10.3-2021.10.win32_1.0.200.202301161003/tools/bin/../lib/gcc/arm-none-eabi/10.3.1/thumb/v7e-m+fp/hard\libgcc.a
LOAD c:/st/stm32cubeide_1.12.1/stm32cubeide/plugins/com.st.stm32cube.ide.mcu.externaltools.gnu-tools-for-stm32.10.3-2021.10.win32_1.0.200.202301161003/tools/bin/../lib/gcc/arm-none-eabi/10.3.1/../../../../arm-none-eabi/lib/thumb/v7e-m+fp/hard\libc_nano.a
LOAD c:/st/stm32cubeide_1.12.1/stm32cubeide/plugins/com.st.stm32cube.ide.mcu.externaltools.gnu-tools-for-stm32.10.3-2021.10.win32_1.0.200.202301161003/tools/bin/../lib/gcc/arm-none-eabi/10.3.1/../../../../arm-none-eabi/lib/thumb/v7e-m+fp/hard\libnosys.a
END GROUP
START GROUP
LOAD c:/st/stm32cubeide_1.12.1/stm32cubeide/plugins/com.st.stm32cube.ide.mcu.externaltools.gnu-tools-for-stm32.10.3-2021.10.win32_1.0.200.202301161003/tools/bin/../lib/gcc/arm-none-eabi/10.3.1/thumb/v7e-m+fp/hard\libgcc.a
LOAD c:/st/stm32cubeide_1.12.1/stm32cubeide/plugins/com.st.stm32cube.ide.mcu.externaltools.gnu-tools-for-stm32.10.3-2021.10.win32_1.0.200.202301161003/tools/bin/../lib/gcc/arm-none-eabi/10.3.1/../../../../arm-none-eabi/lib/thumb/v7e-m+fp/hard\libc_nano.a
LOAD c:/st/stm32cubeide_1.12.1/stm32cubeide/plugins/com.st.stm32cube.ide.mcu.externaltools.gnu-tools-for-stm32.10.3-2021.10.win32_1.0.200.202301161003/tools/bin/../lib/gcc/arm-none-eabi/10.3.1/../../../../arm-none-eabi/lib/thumb/v7e-m+fp/hard\libnosys.a
END GROUP
LOAD c:/st/stm32cubeide_1.12.1/stm32cubeide/plugins/com.st.stm32cube.ide.mcu.externaltools.gnu-tools-for-stm32.10.3-2021.10.win32_1.0.200.202301161003/tools/bin/../lib/gcc/arm-none-eabi/10.3.1/thumb/v7e-m+fp/hard/crtend.o
LOAD c:/st/stm32cubeide_1.12.1/stm32cubeide/plugins/com.st.stm32cube.ide.mcu.externaltools.gnu-tools-for-stm32.10.3-2021.10.win32_1.0.200.202301161003/tools/bin/../lib/gcc/arm-none-eabi/10.3.1/thumb/v7e-m+fp/hard/crtn.o
                0x0000000020004000                _estack = (ORIGIN (RAM) + LENGTH (RAM))
                0x0000000000000200                _Min_Heap_Size = 0x200
                0x0000000000000400                _Min_Stack_Size = 0x400

.isr_vector     0x0000000008000000      0x188
                0x0000000008000000                . = ALIGN (0x4)
 *(.isr_vector)
 .isr_vector    0x0000000008000000      0x188 ./Core/Startup/startup_stm32f302r8tx.o
                0x0000000008000000                g_pfnVectors
                0x0000000008000188                . = ALIGN (0x4)

.text           0x0000000008000188     0x6e14
                0x0000000008000188                . = ALIGN (0x4)
 *(.text)
 .text          0x0000000008000188       0x40 c:/st/stm32cubeide_1.12.1/stm32cubeide/plugins/com.st.stm32cube.ide.mcu.externaltools.gnu-tools-for-stm32.10.3-2021.10.win32_1.0.200.202301161003/tools/bin/../lib/gcc/arm-none-eabi/10.3.1/thumb/v7e-m+fp/hard/crtbegin.o
 *(.text*)
 .text.cfPhaseLockedLoop
                0x00000000080001c8       0x5e ./Core/MCLIB/ControlFunctions.o
                0x00000000080001c8                cfPhaseLockedLoop
 .text.gfDivideAvoidZero
                0x0000000008000226       0x8c ./Core/MCLIB/GeneralFunctions.o
                0x0000000008000226                gfDivideAvoidZero
 *fill*         0x00000000080002b2        0x2 
 .text.gfWrapElectAngle
                0x00000000080002b4       0x70 ./Core/MCLIB/GeneralFunctions.o
                0x00000000080002b4                gfWrapElectAngle
 .text.readButton1
                0x0000000008000324       0x24 ./Core/MCLIB/SignalReadWrite.o
                0x0000000008000324                readButton1
 .text.readInputCaptureCnt
                0x0000000008000348       0x1c ./Core/MCLIB/SignalReadWrite.o
                0x0000000008000348                readInputCaptureCnt
 .text.readTimeInterval
                0x0000000008000364       0x90 ./Core/MCLIB/SignalReadWrite.o
                0x0000000008000364                readTimeInterval
 .text.readVolume
                0x00000000080003f4       0x44 ./Core/MCLIB/SignalReadWrite.o
                0x00000000080003f4                readVolume
 .text.readVdc  0x0000000008000438       0x40 ./Core/MCLIB/SignalReadWrite.o
                0x0000000008000438                readVdc
 .text.readHallSignal
                0x0000000008000478       0x4c ./Core/MCLIB/SignalReadWrite.o
                0x0000000008000478                readHallSignal
 .text.writeOutputMode
                0x00000000080004c4       0x84 ./Core/MCLIB/SignalReadWrite.o
                0x00000000080004c4                writeOutputMode
 .text.writeDuty
                0x0000000008000548       0x84 ./Core/MCLIB/SignalReadWrite.o
                0x0000000008000548                writeDuty
 .text.sixStepTasks
                0x00000000080005cc      0x2b8 ./Core/MCLIB/SixsStep.o
                0x00000000080005cc                sixStepTasks
 .text.calcVoltageMode
                0x0000000008000884       0x8c ./Core/MCLIB/SixsStep.o
 .text.calcRotDirFromVoltageMode
                0x0000000008000910       0x58 ./Core/MCLIB/SixsStep.o
 .text.calcElectAngleFromVoltageMode
                0x0000000008000968       0xb4 ./Core/MCLIB/SixsStep.o
 .text.calcVoltageModeFromElectAngle
                0x0000000008000a1c      0x160 ./Core/MCLIB/SixsStep.o
 .text.calcOutputMode
                0x0000000008000b7c       0xe8 ./Core/MCLIB/SixsStep.o
 .text.calcDuty
                0x0000000008000c64      0x118 ./Core/MCLIB/SixsStep.o
 .text.main     0x0000000008000d7c       0xd0 ./Core/Src/main.o
                0x0000000008000d7c                main
 .text.SystemClock_Config
                0x0000000008000e4c       0xb4 ./Core/Src/main.o
                0x0000000008000e4c                SystemClock_Config
 .text.MX_ADC1_Init
                0x0000000008000f00      0x164 ./Core/Src/main.o
 .text.MX_TIM1_Init
                0x0000000008001064      0x16c ./Core/Src/main.o
 .text.MX_TIM2_Init
                0x00000000080011d0       0xd4 ./Core/Src/main.o
 .text.MX_USART2_UART_Init
                0x00000000080012a4       0x60 ./Core/Src/main.o
 .text.MX_DMA_Init
                0x0000000008001304       0x3c ./Core/Src/main.o
 .text.MX_GPIO_Init
                0x0000000008001340       0xfc ./Core/Src/main.o
 .text.Error_Handler
                0x000000000800143c        0xa ./Core/Src/main.o
                0x000000000800143c                Error_Handler
 *fill*         0x0000000008001446        0x2 
 .text.HAL_MspInit
                0x0000000008001448       0x48 ./Core/Src/stm32f3xx_hal_msp.o
                0x0000000008001448                HAL_MspInit
 .text.HAL_ADC_MspInit
                0x0000000008001490      0x114 ./Core/Src/stm32f3xx_hal_msp.o
                0x0000000008001490                HAL_ADC_MspInit
 .text.HAL_TIM_PWM_MspInit
                0x00000000080015a4       0x40 ./Core/Src/stm32f3xx_hal_msp.o
                0x00000000080015a4                HAL_TIM_PWM_MspInit
 .text.HAL_TIM_IC_MspInit
                0x00000000080015e4       0xc0 ./Core/Src/stm32f3xx_hal_msp.o
                0x00000000080015e4                HAL_TIM_IC_MspInit
 .text.HAL_TIM_MspPostInit
                0x00000000080016a4       0xd0 ./Core/Src/stm32f3xx_hal_msp.o
                0x00000000080016a4                HAL_TIM_MspPostInit
 .text.HAL_UART_MspInit
                0x0000000008001774       0x84 ./Core/Src/stm32f3xx_hal_msp.o
                0x0000000008001774                HAL_UART_MspInit
 .text.NMI_Handler
                0x00000000080017f8        0x6 ./Core/Src/stm32f3xx_it.o
                0x00000000080017f8                NMI_Handler
 .text.HardFault_Handler
                0x00000000080017fe        0x6 ./Core/Src/stm32f3xx_it.o
                0x00000000080017fe                HardFault_Handler
 .text.MemManage_Handler
                0x0000000008001804        0x6 ./Core/Src/stm32f3xx_it.o
                0x0000000008001804                MemManage_Handler
 .text.BusFault_Handler
                0x000000000800180a        0x6 ./Core/Src/stm32f3xx_it.o
                0x000000000800180a                BusFault_Handler
 .text.UsageFault_Handler
                0x0000000008001810        0x6 ./Core/Src/stm32f3xx_it.o
                0x0000000008001810                UsageFault_Handler
 .text.SVC_Handler
                0x0000000008001816        0xe ./Core/Src/stm32f3xx_it.o
                0x0000000008001816                SVC_Handler
 .text.DebugMon_Handler
                0x0000000008001824        0xe ./Core/Src/stm32f3xx_it.o
                0x0000000008001824                DebugMon_Handler
 .text.PendSV_Handler
                0x0000000008001832        0xe ./Core/Src/stm32f3xx_it.o
                0x0000000008001832                PendSV_Handler
 .text.SysTick_Handler
                0x0000000008001840        0xc ./Core/Src/stm32f3xx_it.o
                0x0000000008001840                SysTick_Handler
 .text.DMA1_Channel1_IRQHandler
                0x000000000800184c       0x14 ./Core/Src/stm32f3xx_it.o
                0x000000000800184c                DMA1_Channel1_IRQHandler
 .text.ADC1_IRQHandler
                0x0000000008001860       0xf4 ./Core/Src/stm32f3xx_it.o
                0x0000000008001860                ADC1_IRQHandler
 .text.SystemInit
                0x0000000008001954       0x24 ./Core/Src/system_stm32f3xx.o
                0x0000000008001954                SystemInit
 .text.Reset_Handler
                0x0000000008001978       0x50 ./Core/Startup/startup_stm32f302r8tx.o
                0x0000000008001978                Reset_Handler
 .text.Default_Handler
                0x00000000080019c8        0x2 ./Core/Startup/startup_stm32f302r8tx.o
                0x00000000080019c8                RTC_Alarm_IRQHandler
                0x00000000080019c8                TIM1_CC_IRQHandler
                0x00000000080019c8                USB_HP_IRQHandler
                0x00000000080019c8                PVD_IRQHandler
                0x00000000080019c8                TAMP_STAMP_IRQHandler
                0x00000000080019c8                EXTI3_IRQHandler
                0x00000000080019c8                I2C3_ER_IRQHandler
                0x00000000080019c8                USB_HP_CAN_TX_IRQHandler
                0x00000000080019c8                EXTI0_IRQHandler
                0x00000000080019c8                I2C2_EV_IRQHandler
                0x00000000080019c8                FPU_IRQHandler
                0x00000000080019c8                TIM1_UP_TIM16_IRQHandler
                0x00000000080019c8                CAN_SCE_IRQHandler
                0x00000000080019c8                TIM6_DAC_IRQHandler
                0x00000000080019c8                DMA1_Channel4_IRQHandler
                0x00000000080019c8                USART3_IRQHandler
                0x00000000080019c8                DMA1_Channel7_IRQHandler
                0x00000000080019c8                CAN_RX1_IRQHandler
                0x00000000080019c8                I2C1_EV_IRQHandler
                0x00000000080019c8                DMA1_Channel6_IRQHandler
                0x00000000080019c8                RCC_IRQHandler
                0x00000000080019c8                Default_Handler
                0x00000000080019c8                USBWakeUp_RMP_IRQHandler
                0x00000000080019c8                EXTI15_10_IRQHandler
                0x00000000080019c8                COMP2_IRQHandler
                0x00000000080019c8                I2C3_EV_IRQHandler
                0x00000000080019c8                EXTI9_5_IRQHandler
                0x00000000080019c8                RTC_WKUP_IRQHandler
                0x00000000080019c8                SPI2_IRQHandler
                0x00000000080019c8                USB_LP_CAN_RX0_IRQHandler
                0x00000000080019c8                DMA1_Channel5_IRQHandler
                0x00000000080019c8                USB_LP_IRQHandler
                0x00000000080019c8                EXTI4_IRQHandler
                0x00000000080019c8                TIM1_TRG_COM_TIM17_IRQHandler
                0x00000000080019c8                DMA1_Channel3_IRQHandler
                0x00000000080019c8                WWDG_IRQHandler
                0x00000000080019c8                TIM2_IRQHandler
                0x00000000080019c8                EXTI1_IRQHandler
                0x00000000080019c8                COMP4_6_IRQHandler
                0x00000000080019c8                USART2_IRQHandler
                0x00000000080019c8                I2C2_ER_IRQHandler
                0x00000000080019c8                DMA1_Channel2_IRQHandler
                0x00000000080019c8                FLASH_IRQHandler
                0x00000000080019c8                USART1_IRQHandler
                0x00000000080019c8                SPI3_IRQHandler
                0x00000000080019c8                I2C1_ER_IRQHandler
                0x00000000080019c8                USBWakeUp_IRQHandler
                0x00000000080019c8                EXTI2_TSC_IRQHandler
                0x00000000080019c8                TIM1_BRK_TIM15_IRQHandler
 *fill*         0x00000000080019ca        0x2 
 .text.HAL_Init
                0x00000000080019cc       0x2c ./Drivers/STM32F3xx_HAL_Driver/Src/stm32f3xx_hal.o
                0x00000000080019cc                HAL_Init
 .text.HAL_InitTick
                0x00000000080019f8       0x60 ./Drivers/STM32F3xx_HAL_Driver/Src/stm32f3xx_hal.o
                0x00000000080019f8                HAL_InitTick
 .text.HAL_IncTick
                0x0000000008001a58       0x28 ./Drivers/STM32F3xx_HAL_Driver/Src/stm32f3xx_hal.o
                0x0000000008001a58                HAL_IncTick
 .text.HAL_GetTick
                0x0000000008001a80       0x18 ./Drivers/STM32F3xx_HAL_Driver/Src/stm32f3xx_hal.o
                0x0000000008001a80                HAL_GetTick
 .text.HAL_ADC_ConvCpltCallback
                0x0000000008001a98       0x14 ./Drivers/STM32F3xx_HAL_Driver/Src/stm32f3xx_hal_adc.o
                0x0000000008001a98                HAL_ADC_ConvCpltCallback
 .text.HAL_ADC_ConvHalfCpltCallback
                0x0000000008001aac       0x14 ./Drivers/STM32F3xx_HAL_Driver/Src/stm32f3xx_hal_adc.o
                0x0000000008001aac                HAL_ADC_ConvHalfCpltCallback
 .text.HAL_ADC_LevelOutOfWindowCallback
                0x0000000008001ac0       0x14 ./Drivers/STM32F3xx_HAL_Driver/Src/stm32f3xx_hal_adc.o
                0x0000000008001ac0                HAL_ADC_LevelOutOfWindowCallback
 .text.HAL_ADC_ErrorCallback
                0x0000000008001ad4       0x14 ./Drivers/STM32F3xx_HAL_Driver/Src/stm32f3xx_hal_adc.o
                0x0000000008001ad4                HAL_ADC_ErrorCallback
 .text.HAL_ADC_Init
                0x0000000008001ae8      0x30c ./Drivers/STM32F3xx_HAL_Driver/Src/stm32f3xx_hal_adc_ex.o
                0x0000000008001ae8                HAL_ADC_Init
 .text.HAL_ADC_Start_DMA
                0x0000000008001df4      0x138 ./Drivers/STM32F3xx_HAL_Driver/Src/stm32f3xx_hal_adc_ex.o
                0x0000000008001df4                HAL_ADC_Start_DMA
 .text.HAL_ADC_IRQHandler
                0x0000000008001f2c      0x344 ./Drivers/STM32F3xx_HAL_Driver/Src/stm32f3xx_hal_adc_ex.o
                0x0000000008001f2c                HAL_ADC_IRQHandler
 .text.HAL_ADCEx_InjectedStart_IT
                0x0000000008002270      0x114 ./Drivers/STM32F3xx_HAL_Driver/Src/stm32f3xx_hal_adc_ex.o
                0x0000000008002270                HAL_ADCEx_InjectedStart_IT
 .text.HAL_ADCEx_InjectedConvCpltCallback
                0x0000000008002384       0x14 ./Drivers/STM32F3xx_HAL_Driver/Src/stm32f3xx_hal_adc_ex.o
                0x0000000008002384                HAL_ADCEx_InjectedConvCpltCallback
 .text.HAL_ADCEx_InjectedQueueOverflowCallback
                0x0000000008002398       0x14 ./Drivers/STM32F3xx_HAL_Driver/Src/stm32f3xx_hal_adc_ex.o
                0x0000000008002398                HAL_ADCEx_InjectedQueueOverflowCallback
 .text.HAL_ADCEx_LevelOutOfWindow2Callback
                0x00000000080023ac       0x14 ./Drivers/STM32F3xx_HAL_Driver/Src/stm32f3xx_hal_adc_ex.o
                0x00000000080023ac                HAL_ADCEx_LevelOutOfWindow2Callback
 .text.HAL_ADCEx_LevelOutOfWindow3Callback
                0x00000000080023c0       0x14 ./Drivers/STM32F3xx_HAL_Driver/Src/stm32f3xx_hal_adc_ex.o
                0x00000000080023c0                HAL_ADCEx_LevelOutOfWindow3Callback
 .text.HAL_ADC_ConfigChannel
                0x00000000080023d4      0x56c ./Drivers/STM32F3xx_HAL_Driver/Src/stm32f3xx_hal_adc_ex.o
                0x00000000080023d4                HAL_ADC_ConfigChannel
 .text.HAL_ADCEx_InjectedConfigChannel
                0x0000000008002940      0x624 ./Drivers/STM32F3xx_HAL_Driver/Src/stm32f3xx_hal_adc_ex.o
                0x0000000008002940                HAL_ADCEx_InjectedConfigChannel
 .text.ADC_DMAConvCplt
                0x0000000008002f64       0x7a ./Drivers/STM32F3xx_HAL_Driver/Src/stm32f3xx_hal_adc_ex.o
 .text.ADC_DMAHalfConvCplt
                0x0000000008002fde       0x1c ./Drivers/STM32F3xx_HAL_Driver/Src/stm32f3xx_hal_adc_ex.o
 .text.ADC_DMAError
                0x0000000008002ffa       0x34 ./Drivers/STM32F3xx_HAL_Driver/Src/stm32f3xx_hal_adc_ex.o
 *fill*         0x000000000800302e        0x2 
 .text.ADC_Enable
                0x0000000008003030       0xc8 ./Drivers/STM32F3xx_HAL_Driver/Src/stm32f3xx_hal_adc_ex.o
 .text.ADC_Disable
                0x00000000080030f8       0xcc ./Drivers/STM32F3xx_HAL_Driver/Src/stm32f3xx_hal_adc_ex.o
 .text.__NVIC_SetPriorityGrouping
                0x00000000080031c4       0x48 ./Drivers/STM32F3xx_HAL_Driver/Src/stm32f3xx_hal_cortex.o
 .text.__NVIC_GetPriorityGrouping
                0x000000000800320c       0x1c ./Drivers/STM32F3xx_HAL_Driver/Src/stm32f3xx_hal_cortex.o
 .text.__NVIC_EnableIRQ
                0x0000000008003228       0x3c ./Drivers/STM32F3xx_HAL_Driver/Src/stm32f3xx_hal_cortex.o
 .text.__NVIC_SetPriority
                0x0000000008003264       0x54 ./Drivers/STM32F3xx_HAL_Driver/Src/stm32f3xx_hal_cortex.o
 .text.NVIC_EncodePriority
                0x00000000080032b8       0x66 ./Drivers/STM32F3xx_HAL_Driver/Src/stm32f3xx_hal_cortex.o
 *fill*         0x000000000800331e        0x2 
 .text.SysTick_Config
                0x0000000008003320       0x44 ./Drivers/STM32F3xx_HAL_Driver/Src/stm32f3xx_hal_cortex.o
 .text.HAL_NVIC_SetPriorityGrouping
                0x0000000008003364       0x16 ./Drivers/STM32F3xx_HAL_Driver/Src/stm32f3xx_hal_cortex.o
                0x0000000008003364                HAL_NVIC_SetPriorityGrouping
 .text.HAL_NVIC_SetPriority
                0x000000000800337a       0x38 ./Drivers/STM32F3xx_HAL_Driver/Src/stm32f3xx_hal_cortex.o
                0x000000000800337a                HAL_NVIC_SetPriority
 .text.HAL_NVIC_EnableIRQ
                0x00000000080033b2       0x1c ./Drivers/STM32F3xx_HAL_Driver/Src/stm32f3xx_hal_cortex.o
                0x00000000080033b2                HAL_NVIC_EnableIRQ
 .text.HAL_SYSTICK_Config
                0x00000000080033ce       0x18 ./Drivers/STM32F3xx_HAL_Driver/Src/stm32f3xx_hal_cortex.o
                0x00000000080033ce                HAL_SYSTICK_Config
 .text.HAL_DMA_Init
                0x00000000080033e6       0x8e ./Drivers/STM32F3xx_HAL_Driver/Src/stm32f3xx_hal_dma.o
                0x00000000080033e6                HAL_DMA_Init
 .text.HAL_DMA_Start_IT
                0x0000000008003474       0xbe ./Drivers/STM32F3xx_HAL_Driver/Src/stm32f3xx_hal_dma.o
                0x0000000008003474                HAL_DMA_Start_IT
 .text.HAL_DMA_IRQHandler
                0x0000000008003532      0x146 ./Drivers/STM32F3xx_HAL_Driver/Src/stm32f3xx_hal_dma.o
                0x0000000008003532                HAL_DMA_IRQHandler
 .text.DMA_SetConfig
                0x0000000008003678       0x5c ./Drivers/STM32F3xx_HAL_Driver/Src/stm32f3xx_hal_dma.o
 .text.DMA_CalcBaseAndBitshift
                0x00000000080036d4       0x40 ./Drivers/STM32F3xx_HAL_Driver/Src/stm32f3xx_hal_dma.o
 .text.HAL_GPIO_Init
                0x0000000008003714      0x2e4 ./Drivers/STM32F3xx_HAL_Driver/Src/stm32f3xx_hal_gpio.o
                0x0000000008003714                HAL_GPIO_Init
 .text.HAL_GPIO_ReadPin
                0x00000000080039f8       0x30 ./Drivers/STM32F3xx_HAL_Driver/Src/stm32f3xx_hal_gpio.o
                0x00000000080039f8                HAL_GPIO_ReadPin
 .text.HAL_GPIO_WritePin
                0x0000000008003a28       0x30 ./Drivers/STM32F3xx_HAL_Driver/Src/stm32f3xx_hal_gpio.o
                0x0000000008003a28                HAL_GPIO_WritePin
 .text.HAL_GPIO_TogglePin
                0x0000000008003a58       0x34 ./Drivers/STM32F3xx_HAL_Driver/Src/stm32f3xx_hal_gpio.o
                0x0000000008003a58                HAL_GPIO_TogglePin
 .text.HAL_RCC_OscConfig
                0x0000000008003a8c     0x107c ./Drivers/STM32F3xx_HAL_Driver/Src/stm32f3xx_hal_rcc.o
                0x0000000008003a8c                HAL_RCC_OscConfig
 .text.HAL_RCC_ClockConfig
                0x0000000008004b08      0x2f8 ./Drivers/STM32F3xx_HAL_Driver/Src/stm32f3xx_hal_rcc.o
                0x0000000008004b08                HAL_RCC_ClockConfig
 .text.HAL_RCC_GetSysClockFreq
                0x0000000008004e00       0xd4 ./Drivers/STM32F3xx_HAL_Driver/Src/stm32f3xx_hal_rcc.o
                0x0000000008004e00                HAL_RCC_GetSysClockFreq
 .text.HAL_RCC_GetHCLKFreq
                0x0000000008004ed4       0x18 ./Drivers/STM32F3xx_HAL_Driver/Src/stm32f3xx_hal_rcc.o
                0x0000000008004ed4                HAL_RCC_GetHCLKFreq
 .text.HAL_RCC_GetPCLK1Freq
                0x0000000008004eec       0x44 ./Drivers/STM32F3xx_HAL_Driver/Src/stm32f3xx_hal_rcc.o
                0x0000000008004eec                HAL_RCC_GetPCLK1Freq
 .text.HAL_RCC_GetPCLK2Freq
                0x0000000008004f30       0x44 ./Drivers/STM32F3xx_HAL_Driver/Src/stm32f3xx_hal_rcc.o
                0x0000000008004f30                HAL_RCC_GetPCLK2Freq
 .text.HAL_RCCEx_PeriphCLKConfig
                0x0000000008004f74      0x324 ./Drivers/STM32F3xx_HAL_Driver/Src/stm32f3xx_hal_rcc_ex.o
                0x0000000008004f74                HAL_RCCEx_PeriphCLKConfig
 .text.HAL_TIM_Base_Start_IT
                0x0000000008005298       0xa8 ./Drivers/STM32F3xx_HAL_Driver/Src/stm32f3xx_hal_tim.o
                0x0000000008005298                HAL_TIM_Base_Start_IT
 .text.HAL_TIM_PWM_Init
                0x0000000008005340       0xae ./Drivers/STM32F3xx_HAL_Driver/Src/stm32f3xx_hal_tim.o
                0x0000000008005340                HAL_TIM_PWM_Init
 *fill*         0x00000000080053ee        0x2 
 .text.HAL_TIM_PWM_Start
                0x00000000080053f0      0x1cc ./Drivers/STM32F3xx_HAL_Driver/Src/stm32f3xx_hal_tim.o
                0x00000000080053f0                HAL_TIM_PWM_Start
 .text.HAL_TIM_IC_Init
                0x00000000080055bc       0xae ./Drivers/STM32F3xx_HAL_Driver/Src/stm32f3xx_hal_tim.o
                0x00000000080055bc                HAL_TIM_IC_Init
 *fill*         0x000000000800566a        0x2 
 .text.HAL_TIM_IC_Start_IT
                0x000000000800566c      0x25c ./Drivers/STM32F3xx_HAL_Driver/Src/stm32f3xx_hal_tim.o
                0x000000000800566c                HAL_TIM_IC_Start_IT
 .text.HAL_TIM_IC_ConfigChannel
                0x00000000080058c8      0x138 ./Drivers/STM32F3xx_HAL_Driver/Src/stm32f3xx_hal_tim.o
                0x00000000080058c8                HAL_TIM_IC_ConfigChannel
 .text.HAL_TIM_PWM_ConfigChannel
                0x0000000008005a00      0x228 ./Drivers/STM32F3xx_HAL_Driver/Src/stm32f3xx_hal_tim.o
                0x0000000008005a00                HAL_TIM_PWM_ConfigChannel
 .text.TIM_Base_SetConfig
                0x0000000008005c28       0xdc ./Drivers/STM32F3xx_HAL_Driver/Src/stm32f3xx_hal_tim.o
                0x0000000008005c28                TIM_Base_SetConfig
 .text.TIM_OC1_SetConfig
                0x0000000008005d04      0x10c ./Drivers/STM32F3xx_HAL_Driver/Src/stm32f3xx_hal_tim.o
 .text.TIM_OC2_SetConfig
                0x0000000008005e10      0x100 ./Drivers/STM32F3xx_HAL_Driver/Src/stm32f3xx_hal_tim.o
                0x0000000008005e10                TIM_OC2_SetConfig
 .text.TIM_OC3_SetConfig
                0x0000000008005f10       0xfc ./Drivers/STM32F3xx_HAL_Driver/Src/stm32f3xx_hal_tim.o
 .text.TIM_OC4_SetConfig
                0x000000000800600c       0xc8 ./Drivers/STM32F3xx_HAL_Driver/Src/stm32f3xx_hal_tim.o
 .text.TIM_OC5_SetConfig
                0x00000000080060d4       0xbc ./Drivers/STM32F3xx_HAL_Driver/Src/stm32f3xx_hal_tim.o
 .text.TIM_OC6_SetConfig
                0x0000000008006190       0xc0 ./Drivers/STM32F3xx_HAL_Driver/Src/stm32f3xx_hal_tim.o
 .text.TIM_TI1_SetConfig
                0x0000000008006250       0xac ./Drivers/STM32F3xx_HAL_Driver/Src/stm32f3xx_hal_tim.o
                0x0000000008006250                TIM_TI1_SetConfig
 .text.TIM_TI2_SetConfig
                0x00000000080062fc       0x7a ./Drivers/STM32F3xx_HAL_Driver/Src/stm32f3xx_hal_tim.o
 .text.TIM_TI3_SetConfig
                0x0000000008006376       0x78 ./Drivers/STM32F3xx_HAL_Driver/Src/stm32f3xx_hal_tim.o
 .text.TIM_TI4_SetConfig
                0x00000000080063ee       0x7a ./Drivers/STM32F3xx_HAL_Driver/Src/stm32f3xx_hal_tim.o
 .text.TIM_CCxChannelCmd
                0x0000000008006468       0x4a ./Drivers/STM32F3xx_HAL_Driver/Src/stm32f3xx_hal_tim.o
                0x0000000008006468                TIM_CCxChannelCmd
 *fill*         0x00000000080064b2        0x2 
 .text.HAL_TIMEx_PWMN_Start
                0x00000000080064b4      0x13c ./Drivers/STM32F3xx_HAL_Driver/Src/stm32f3xx_hal_tim_ex.o
                0x00000000080064b4                HAL_TIMEx_PWMN_Start
 .text.HAL_TIMEx_MasterConfigSynchronization
                0x00000000080065f0       0xcc ./Drivers/STM32F3xx_HAL_Driver/Src/stm32f3xx_hal_tim_ex.o
                0x00000000080065f0                HAL_TIMEx_MasterConfigSynchronization
 .text.HAL_TIMEx_ConfigBreakDeadTime
                0x00000000080066bc       0xf0 ./Drivers/STM32F3xx_HAL_Driver/Src/stm32f3xx_hal_tim_ex.o
                0x00000000080066bc                HAL_TIMEx_ConfigBreakDeadTime
 .text.TIM_CCxNChannelCmd
                0x00000000080067ac       0x4a ./Drivers/STM32F3xx_HAL_Driver/Src/stm32f3xx_hal_tim_ex.o
 .text.HAL_UART_Init
                0x00000000080067f6       0x9c ./Drivers/STM32F3xx_HAL_Driver/Src/stm32f3xx_hal_uart.o
                0x00000000080067f6                HAL_UART_Init
 *fill*         0x0000000008006892        0x2 
 .text.UART_SetConfig
                0x0000000008006894      0x26c ./Drivers/STM32F3xx_HAL_Driver/Src/stm32f3xx_hal_uart.o
                0x0000000008006894                UART_SetConfig
 .text.UART_AdvFeatureConfig
                0x0000000008006b00      0x144 ./Drivers/STM32F3xx_HAL_Driver/Src/stm32f3xx_hal_uart.o
                0x0000000008006b00                UART_AdvFeatureConfig
 .text.UART_CheckIdleState
                0x0000000008006c44      0x150 ./Drivers/STM32F3xx_HAL_Driver/Src/stm32f3xx_hal_uart.o
                0x0000000008006c44                UART_CheckIdleState
 .text.UART_WaitOnFlagUntilTimeout
                0x0000000008006d94       0xce ./Drivers/STM32F3xx_HAL_Driver/Src/stm32f3xx_hal_uart.o
                0x0000000008006d94                UART_WaitOnFlagUntilTimeout
 .text.UART_EndRxTransfer
                0x0000000008006e62       0xc8 ./Drivers/STM32F3xx_HAL_Driver/Src/stm32f3xx_hal_uart.o
 *fill*         0x0000000008006f2a        0x2 
 .text.__libc_init_array
                0x0000000008006f2c       0x48 c:/st/stm32cubeide_1.12.1/stm32cubeide/plugins/com.st.stm32cube.ide.mcu.externaltools.gnu-tools-for-stm32.10.3-2021.10.win32_1.0.200.202301161003/tools/bin/../lib/gcc/arm-none-eabi/10.3.1/../../../../arm-none-eabi/lib/thumb/v7e-m+fp/hard\libc_nano.a(lib_a-init.o)
                0x0000000008006f2c                __libc_init_array
 .text.memset   0x0000000008006f74       0x10 c:/st/stm32cubeide_1.12.1/stm32cubeide/plugins/com.st.stm32cube.ide.mcu.externaltools.gnu-tools-for-stm32.10.3-2021.10.win32_1.0.200.202301161003/tools/bin/../lib/gcc/arm-none-eabi/10.3.1/../../../../arm-none-eabi/lib/thumb/v7e-m+fp/hard\libc_nano.a(lib_a-memset.o)
                0x0000000008006f74                memset
 *(.glue_7)
 .glue_7        0x0000000008006f84        0x0 linker stubs
 *(.glue_7t)
 .glue_7t       0x0000000008006f84        0x0 linker stubs
 *(.eh_frame)
 .eh_frame      0x0000000008006f84        0x0 c:/st/stm32cubeide_1.12.1/stm32cubeide/plugins/com.st.stm32cube.ide.mcu.externaltools.gnu-tools-for-stm32.10.3-2021.10.win32_1.0.200.202301161003/tools/bin/../lib/gcc/arm-none-eabi/10.3.1/thumb/v7e-m+fp/hard/crtbegin.o
 *(.init)
 .init          0x0000000008006f84        0x4 c:/st/stm32cubeide_1.12.1/stm32cubeide/plugins/com.st.stm32cube.ide.mcu.externaltools.gnu-tools-for-stm32.10.3-2021.10.win32_1.0.200.202301161003/tools/bin/../lib/gcc/arm-none-eabi/10.3.1/thumb/v7e-m+fp/hard/crti.o
                0x0000000008006f84                _init
 .init          0x0000000008006f88        0x8 c:/st/stm32cubeide_1.12.1/stm32cubeide/plugins/com.st.stm32cube.ide.mcu.externaltools.gnu-tools-for-stm32.10.3-2021.10.win32_1.0.200.202301161003/tools/bin/../lib/gcc/arm-none-eabi/10.3.1/thumb/v7e-m+fp/hard/crtn.o
 *(.fini)
 .fini          0x0000000008006f90        0x4 c:/st/stm32cubeide_1.12.1/stm32cubeide/plugins/com.st.stm32cube.ide.mcu.externaltools.gnu-tools-for-stm32.10.3-2021.10.win32_1.0.200.202301161003/tools/bin/../lib/gcc/arm-none-eabi/10.3.1/thumb/v7e-m+fp/hard/crti.o
                0x0000000008006f90                _fini
 .fini          0x0000000008006f94        0x8 c:/st/stm32cubeide_1.12.1/stm32cubeide/plugins/com.st.stm32cube.ide.mcu.externaltools.gnu-tools-for-stm32.10.3-2021.10.win32_1.0.200.202301161003/tools/bin/../lib/gcc/arm-none-eabi/10.3.1/thumb/v7e-m+fp/hard/crtn.o
                0x0000000008006f9c                . = ALIGN (0x4)
                0x0000000008006f9c                _etext = .

.vfp11_veneer   0x0000000008006f9c        0x0
 .vfp11_veneer  0x0000000008006f9c        0x0 linker stubs

.v4_bx          0x0000000008006f9c        0x0
 .v4_bx         0x0000000008006f9c        0x0 linker stubs

.iplt           0x0000000008006f9c        0x0
 .iplt          0x0000000008006f9c        0x0 c:/st/stm32cubeide_1.12.1/stm32cubeide/plugins/com.st.stm32cube.ide.mcu.externaltools.gnu-tools-for-stm32.10.3-2021.10.win32_1.0.200.202301161003/tools/bin/../lib/gcc/arm-none-eabi/10.3.1/thumb/v7e-m+fp/hard/crtbegin.o

.rodata         0x0000000008006f9c       0x38
                0x0000000008006f9c                . = ALIGN (0x4)
 *(.rodata)
 *(.rodata*)
 .rodata.AHBPrescTable
                0x0000000008006f9c       0x10 ./Core/Src/system_stm32f3xx.o
                0x0000000008006f9c                AHBPrescTable
 .rodata.APBPrescTable
                0x0000000008006fac        0x8 ./Core/Src/system_stm32f3xx.o
                0x0000000008006fac                APBPrescTable
 .rodata.aPLLMULFactorTable
                0x0000000008006fb4       0x10 ./Drivers/STM32F3xx_HAL_Driver/Src/stm32f3xx_hal_rcc.o
 .rodata.aPredivFactorTable
                0x0000000008006fc4       0x10 ./Drivers/STM32F3xx_HAL_Driver/Src/stm32f3xx_hal_rcc.o
                0x0000000008006fd4                . = ALIGN (0x4)

.rel.dyn        0x0000000008006fd4        0x0
 .rel.iplt      0x0000000008006fd4        0x0 c:/st/stm32cubeide_1.12.1/stm32cubeide/plugins/com.st.stm32cube.ide.mcu.externaltools.gnu-tools-for-stm32.10.3-2021.10.win32_1.0.200.202301161003/tools/bin/../lib/gcc/arm-none-eabi/10.3.1/thumb/v7e-m+fp/hard/crtbegin.o

.ARM.extab      0x0000000008006fd4        0x0
                0x0000000008006fd4                . = ALIGN (0x4)
 *(.ARM.extab* .gnu.linkonce.armextab.*)
                0x0000000008006fd4                . = ALIGN (0x4)

.ARM            0x0000000008006fd4        0x0
                0x0000000008006fd4                . = ALIGN (0x4)
                0x0000000008006fd4                __exidx_start = .
 *(.ARM.exidx*)
                0x0000000008006fd4                __exidx_end = .
                0x0000000008006fd4                . = ALIGN (0x4)

.preinit_array  0x0000000008006fd4        0x0
                0x0000000008006fd4                . = ALIGN (0x4)
                0x0000000008006fd4                PROVIDE (__preinit_array_start = .)
 *(.preinit_array*)
                0x0000000008006fd4                PROVIDE (__preinit_array_end = .)
                0x0000000008006fd4                . = ALIGN (0x4)

.init_array     0x0000000008006fd4        0x4
                0x0000000008006fd4                . = ALIGN (0x4)
                0x0000000008006fd4                PROVIDE (__init_array_start = .)
 *(SORT_BY_NAME(.init_array.*))
 *(.init_array*)
 .init_array    0x0000000008006fd4        0x4 c:/st/stm32cubeide_1.12.1/stm32cubeide/plugins/com.st.stm32cube.ide.mcu.externaltools.gnu-tools-for-stm32.10.3-2021.10.win32_1.0.200.202301161003/tools/bin/../lib/gcc/arm-none-eabi/10.3.1/thumb/v7e-m+fp/hard/crtbegin.o
                0x0000000008006fd8                PROVIDE (__init_array_end = .)
                0x0000000008006fd8                . = ALIGN (0x4)

.fini_array     0x0000000008006fd8        0x4
                0x0000000008006fd8                . = ALIGN (0x4)
                [!provide]                        PROVIDE (__fini_array_start = .)
 *(SORT_BY_NAME(.fini_array.*))
 *(.fini_array*)
 .fini_array    0x0000000008006fd8        0x4 c:/st/stm32cubeide_1.12.1/stm32cubeide/plugins/com.st.stm32cube.ide.mcu.externaltools.gnu-tools-for-stm32.10.3-2021.10.win32_1.0.200.202301161003/tools/bin/../lib/gcc/arm-none-eabi/10.3.1/thumb/v7e-m+fp/hard/crtbegin.o
                [!provide]                        PROVIDE (__fini_array_end = .)
                0x0000000008006fdc                . = ALIGN (0x4)
                0x0000000008006fdc                _sidata = LOADADDR (.data)

.data           0x0000000020000000        0xc load address 0x0000000008006fdc
                0x0000000020000000                . = ALIGN (0x4)
                0x0000000020000000                _sdata = .
 *(.data)
 *(.data*)
 .data.SystemCoreClock
                0x0000000020000000        0x4 ./Core/Src/system_stm32f3xx.o
                0x0000000020000000                SystemCoreClock
 .data.uwTickPrio
                0x0000000020000004        0x4 ./Drivers/STM32F3xx_HAL_Driver/Src/stm32f3xx_hal.o
                0x0000000020000004                uwTickPrio
 .data.uwTickFreq
                0x0000000020000008        0x1 ./Drivers/STM32F3xx_HAL_Driver/Src/stm32f3xx_hal.o
                0x0000000020000008                uwTickFreq
 *(.RamFunc)
 *(.RamFunc*)
                0x000000002000000c                . = ALIGN (0x4)
 *fill*         0x0000000020000009        0x3 
                0x000000002000000c                _edata = .

.igot.plt       0x000000002000000c        0x0 load address 0x0000000008006fe8
 .igot.plt      0x000000002000000c        0x0 c:/st/stm32cubeide_1.12.1/stm32cubeide/plugins/com.st.stm32cube.ide.mcu.externaltools.gnu-tools-for-stm32.10.3-2021.10.win32_1.0.200.202301161003/tools/bin/../lib/gcc/arm-none-eabi/10.3.1/thumb/v7e-m+fp/hard/crtbegin.o
                0x000000002000000c                . = ALIGN (0x4)

.bss            0x000000002000000c      0x224 load address 0x0000000008006fe8
                0x000000002000000c                _sbss = .
                0x000000002000000c                __bss_start__ = _sbss
 *(.bss)
 .bss           0x000000002000000c       0x1c c:/st/stm32cubeide_1.12.1/stm32cubeide/plugins/com.st.stm32cube.ide.mcu.externaltools.gnu-tools-for-stm32.10.3-2021.10.win32_1.0.200.202301161003/tools/bin/../lib/gcc/arm-none-eabi/10.3.1/thumb/v7e-m+fp/hard/crtbegin.o
 *(.bss*)
 .bss.gAdcValue
                0x0000000020000028        0x4 ./Core/MCLIB/GlogalVariables.o
                0x0000000020000028                gAdcValue
 .bss.gHall     0x000000002000002c        0x3 ./Core/MCLIB/GlogalVariables.o
                0x000000002000002c                gHall
 .bss.gButton1  0x000000002000002f        0x1 ./Core/MCLIB/GlogalVariables.o
                0x000000002000002f                gButton1
 .bss.gInputCaptureCnt
                0x0000000020000030        0x4 ./Core/MCLIB/GlogalVariables.o
                0x0000000020000030                gInputCaptureCnt
 .bss.gInputCaptureCnt_pre
                0x0000000020000034        0x4 ./Core/MCLIB/GlogalVariables.o
                0x0000000020000034                gInputCaptureCnt_pre
 .bss.gElectFreq
                0x0000000020000038        0x4 ./Core/MCLIB/GlogalVariables.o
                0x0000000020000038                gElectFreq
 .bss.gVdc      0x000000002000003c        0x4 ./Core/MCLIB/GlogalVariables.o
                0x000000002000003c                gVdc
 .bss.gVolume   0x0000000020000040        0x4 ./Core/MCLIB/GlogalVariables.o
                0x0000000020000040                gVolume
 .bss.gDutyRef  0x0000000020000044        0x4 ./Core/MCLIB/GlogalVariables.o
                0x0000000020000044                gDutyRef
 .bss.gDuty     0x0000000020000048        0xc ./Core/MCLIB/GlogalVariables.o
                0x0000000020000048                gDuty
 .bss.sOutputMode
                0x0000000020000054        0x3 ./Core/MCLIB/SixsStep.o
                0x0000000020000054                sOutputMode
 .bss.sVoltageMode
                0x0000000020000057        0x1 ./Core/MCLIB/SixsStep.o
                0x0000000020000057                sVoltageMode
 .bss.sVoltageMode_pre
                0x0000000020000058        0x1 ./Core/MCLIB/SixsStep.o
                0x0000000020000058                sVoltageMode_pre
 .bss.sVoltageModeModify
                0x0000000020000059        0x1 ./Core/MCLIB/SixsStep.o
                0x0000000020000059                sVoltageModeModify
 .bss.sRotDir   0x000000002000005a        0x1 ./Core/MCLIB/SixsStep.o
                0x000000002000005a                sRotDir
 .bss.sLeadAngleModeFlg
                0x000000002000005b        0x1 ./Core/MCLIB/SixsStep.o
                0x000000002000005b                sLeadAngleModeFlg
 .bss.sLeadAngleModeFlg_pre
                0x000000002000005c        0x1 ./Core/MCLIB/SixsStep.o
                0x000000002000005c                sLeadAngleModeFlg_pre
 *fill*         0x000000002000005d        0x3 
 .bss.sElectAngleActual
                0x0000000020000060        0x4 ./Core/MCLIB/SixsStep.o
                0x0000000020000060                sElectAngleActual
 .bss.sElectAngleActual_pre
                0x0000000020000064        0x4 ./Core/MCLIB/SixsStep.o
                0x0000000020000064                sElectAngleActual_pre
 .bss.sElectAngleEstimate
                0x0000000020000068        0x4 ./Core/MCLIB/SixsStep.o
                0x0000000020000068                sElectAngleEstimate
 .bss.sIntegral_ElectAngleErr_Ki
                0x000000002000006c        0x4 ./Core/MCLIB/SixsStep.o
                0x000000002000006c                sIntegral_ElectAngleErr_Ki
 .bss.sElectAngVeloEstimate
                0x0000000020000070        0x4 ./Core/MCLIB/SixsStep.o
                0x0000000020000070                sElectAngVeloEstimate
 .bss.sElectAngleErr
                0x0000000020000074        0x4 ./Core/MCLIB/SixsStep.o
                0x0000000020000074                sElectAngleErr
 .bss.hadc1     0x0000000020000078       0x50 ./Core/Src/main.o
                0x0000000020000078                hadc1
 .bss.hdma_adc1
                0x00000000200000c8       0x44 ./Core/Src/main.o
                0x00000000200000c8                hdma_adc1
 .bss.htim1     0x000000002000010c       0x4c ./Core/Src/main.o
                0x000000002000010c                htim1
 .bss.htim2     0x0000000020000158       0x4c ./Core/Src/main.o
                0x0000000020000158                htim2
 .bss.huart2    0x00000000200001a4       0x88 ./Core/Src/main.o
                0x00000000200001a4                huart2
 .bss.uwTick    0x000000002000022c        0x4 ./Drivers/STM32F3xx_HAL_Driver/Src/stm32f3xx_hal.o
                0x000000002000022c                uwTick
 *(COMMON)
                0x0000000020000230                . = ALIGN (0x4)
                0x0000000020000230                _ebss = .
                0x0000000020000230                __bss_end__ = _ebss

._user_heap_stack
                0x0000000020000230      0x600 load address 0x0000000008006fe8
                0x0000000020000230                . = ALIGN (0x8)
                [!provide]                        PROVIDE (end = .)
                0x0000000020000230                PROVIDE (_end = .)
                0x0000000020000430                . = (. + _Min_Heap_Size)
 *fill*         0x0000000020000230      0x200 
                0x0000000020000830                . = (. + _Min_Stack_Size)
 *fill*         0x0000000020000430      0x400 
                0x0000000020000830                . = ALIGN (0x8)

/DISCARD/
 libc.a(*)
 libm.a(*)
 libgcc.a(*)

.ARM.attributes
                0x0000000000000000       0x30
 *(.ARM.attributes)
 .ARM.attributes
                0x0000000000000000       0x1e c:/st/stm32cubeide_1.12.1/stm32cubeide/plugins/com.st.stm32cube.ide.mcu.externaltools.gnu-tools-for-stm32.10.3-2021.10.win32_1.0.200.202301161003/tools/bin/../lib/gcc/arm-none-eabi/10.3.1/thumb/v7e-m+fp/hard/crti.o
 .ARM.attributes
                0x000000000000001e       0x34 c:/st/stm32cubeide_1.12.1/stm32cubeide/plugins/com.st.stm32cube.ide.mcu.externaltools.gnu-tools-for-stm32.10.3-2021.10.win32_1.0.200.202301161003/tools/bin/../lib/gcc/arm-none-eabi/10.3.1/thumb/v7e-m+fp/hard/crtbegin.o
 .ARM.attributes
                0x0000000000000052       0x34 ./Core/MCLIB/ControlFunctions.o
 .ARM.attributes
                0x0000000000000086       0x34 ./Core/MCLIB/GeneralFunctions.o
 .ARM.attributes
                0x00000000000000ba       0x34 ./Core/MCLIB/GlogalVariables.o
 .ARM.attributes
                0x00000000000000ee       0x34 ./Core/MCLIB/SignalReadWrite.o
 .ARM.attributes
                0x0000000000000122       0x34 ./Core/MCLIB/SixsStep.o
 .ARM.attributes
                0x0000000000000156       0x34 ./Core/Src/main.o
 .ARM.attributes
                0x000000000000018a       0x34 ./Core/Src/stm32f3xx_hal_msp.o
 .ARM.attributes
                0x00000000000001be       0x34 ./Core/Src/stm32f3xx_it.o
 .ARM.attributes
                0x00000000000001f2       0x34 ./Core/Src/system_stm32f3xx.o
 .ARM.attributes
                0x0000000000000226       0x21 ./Core/Startup/startup_stm32f302r8tx.o
 .ARM.attributes
                0x0000000000000247       0x34 ./Drivers/STM32F3xx_HAL_Driver/Src/stm32f3xx_hal.o
 .ARM.attributes
                0x000000000000027b       0x34 ./Drivers/STM32F3xx_HAL_Driver/Src/stm32f3xx_hal_adc.o
 .ARM.attributes
                0x00000000000002af       0x34 ./Drivers/STM32F3xx_HAL_Driver/Src/stm32f3xx_hal_adc_ex.o
 .ARM.attributes
                0x00000000000002e3       0x34 ./Drivers/STM32F3xx_HAL_Driver/Src/stm32f3xx_hal_cortex.o
 .ARM.attributes
                0x0000000000000317       0x34 ./Drivers/STM32F3xx_HAL_Driver/Src/stm32f3xx_hal_dma.o
 .ARM.attributes
                0x000000000000034b       0x34 ./Drivers/STM32F3xx_HAL_Driver/Src/stm32f3xx_hal_gpio.o
 .ARM.attributes
                0x000000000000037f       0x34 ./Drivers/STM32F3xx_HAL_Driver/Src/stm32f3xx_hal_rcc.o
 .ARM.attributes
                0x00000000000003b3       0x34 ./Drivers/STM32F3xx_HAL_Driver/Src/stm32f3xx_hal_rcc_ex.o
 .ARM.attributes
                0x00000000000003e7       0x34 ./Drivers/STM32F3xx_HAL_Driver/Src/stm32f3xx_hal_tim.o
 .ARM.attributes
                0x000000000000041b       0x34 ./Drivers/STM32F3xx_HAL_Driver/Src/stm32f3xx_hal_tim_ex.o
 .ARM.attributes
                0x000000000000044f       0x34 ./Drivers/STM32F3xx_HAL_Driver/Src/stm32f3xx_hal_uart.o
 .ARM.attributes
                0x0000000000000483       0x34 c:/st/stm32cubeide_1.12.1/stm32cubeide/plugins/com.st.stm32cube.ide.mcu.externaltools.gnu-tools-for-stm32.10.3-2021.10.win32_1.0.200.202301161003/tools/bin/../lib/gcc/arm-none-eabi/10.3.1/../../../../arm-none-eabi/lib/thumb/v7e-m+fp/hard\libc_nano.a(lib_a-init.o)
 .ARM.attributes
                0x00000000000004b7       0x34 c:/st/stm32cubeide_1.12.1/stm32cubeide/plugins/com.st.stm32cube.ide.mcu.externaltools.gnu-tools-for-stm32.10.3-2021.10.win32_1.0.200.202301161003/tools/bin/../lib/gcc/arm-none-eabi/10.3.1/../../../../arm-none-eabi/lib/thumb/v7e-m+fp/hard\libc_nano.a(lib_a-memset.o)
 .ARM.attributes
                0x00000000000004eb       0x1e c:/st/stm32cubeide_1.12.1/stm32cubeide/plugins/com.st.stm32cube.ide.mcu.externaltools.gnu-tools-for-stm32.10.3-2021.10.win32_1.0.200.202301161003/tools/bin/../lib/gcc/arm-none-eabi/10.3.1/thumb/v7e-m+fp/hard/crtn.o
OUTPUT(STM32F302R8.elf elf32-littlearm)
LOAD linker stubs
LOAD c:/st/stm32cubeide_1.12.1/stm32cubeide/plugins/com.st.stm32cube.ide.mcu.externaltools.gnu-tools-for-stm32.10.3-2021.10.win32_1.0.200.202301161003/tools/bin/../lib/gcc/arm-none-eabi/10.3.1/../../../../arm-none-eabi/lib/thumb/v7e-m+fp/hard\libc.a
LOAD c:/st/stm32cubeide_1.12.1/stm32cubeide/plugins/com.st.stm32cube.ide.mcu.externaltools.gnu-tools-for-stm32.10.3-2021.10.win32_1.0.200.202301161003/tools/bin/../lib/gcc/arm-none-eabi/10.3.1/../../../../arm-none-eabi/lib/thumb/v7e-m+fp/hard\libm.a
LOAD c:/st/stm32cubeide_1.12.1/stm32cubeide/plugins/com.st.stm32cube.ide.mcu.externaltools.gnu-tools-for-stm32.10.3-2021.10.win32_1.0.200.202301161003/tools/bin/../lib/gcc/arm-none-eabi/10.3.1/thumb/v7e-m+fp/hard\libgcc.a

.debug_info     0x0000000000000000    0x12c00
 .debug_info    0x0000000000000000       0xea ./Core/MCLIB/ControlFunctions.o
 .debug_info    0x00000000000000ea       0xfb ./Core/MCLIB/GeneralFunctions.o
 .debug_info    0x00000000000001e5      0x268 ./Core/MCLIB/GlogalVariables.o
 .debug_info    0x000000000000044d      0x7a9 ./Core/MCLIB/SignalReadWrite.o
 .debug_info    0x0000000000000bf6      0x5da ./Core/MCLIB/SixsStep.o
 .debug_info    0x00000000000011d0     0x1b8e ./Core/Src/main.o
 .debug_info    0x0000000000002d5e     0x151a ./Core/Src/stm32f3xx_hal_msp.o
 .debug_info    0x0000000000004278      0x964 ./Core/Src/stm32f3xx_it.o
 .debug_info    0x0000000000004bdc      0x416 ./Core/Src/system_stm32f3xx.o
 .debug_info    0x0000000000004ff2       0x22 ./Core/Startup/startup_stm32f302r8tx.o
 .debug_info    0x0000000000005014      0x7a7 ./Drivers/STM32F3xx_HAL_Driver/Src/stm32f3xx_hal.o
 .debug_info    0x00000000000057bb      0xb9e ./Drivers/STM32F3xx_HAL_Driver/Src/stm32f3xx_hal_adc.o
 .debug_info    0x0000000000006359     0x14a3 ./Drivers/STM32F3xx_HAL_Driver/Src/stm32f3xx_hal_adc_ex.o
 .debug_info    0x00000000000077fc      0xb4a ./Drivers/STM32F3xx_HAL_Driver/Src/stm32f3xx_hal_cortex.o
 .debug_info    0x0000000000008346      0x757 ./Drivers/STM32F3xx_HAL_Driver/Src/stm32f3xx_hal_dma.o
 .debug_info    0x0000000000008a9d      0x68a ./Drivers/STM32F3xx_HAL_Driver/Src/stm32f3xx_hal_gpio.o
 .debug_info    0x0000000000009127     0x1585 ./Drivers/STM32F3xx_HAL_Driver/Src/stm32f3xx_hal_rcc.o
 .debug_info    0x000000000000a6ac      0x5d9 ./Drivers/STM32F3xx_HAL_Driver/Src/stm32f3xx_hal_rcc_ex.o
 .debug_info    0x000000000000ac85     0x2cdb ./Drivers/STM32F3xx_HAL_Driver/Src/stm32f3xx_hal_tim.o
 .debug_info    0x000000000000d960     0x16a8 ./Drivers/STM32F3xx_HAL_Driver/Src/stm32f3xx_hal_tim_ex.o
 .debug_info    0x000000000000f008     0x3bf8 ./Drivers/STM32F3xx_HAL_Driver/Src/stm32f3xx_hal_uart.o

.debug_abbrev   0x0000000000000000     0x2689
 .debug_abbrev  0x0000000000000000       0x76 ./Core/MCLIB/ControlFunctions.o
 .debug_abbrev  0x0000000000000076       0x9a ./Core/MCLIB/GeneralFunctions.o
 .debug_abbrev  0x0000000000000110       0x6c ./Core/MCLIB/GlogalVariables.o
 .debug_abbrev  0x000000000000017c      0x1e9 ./Core/MCLIB/SignalReadWrite.o
 .debug_abbrev  0x0000000000000365      0x18f ./Core/MCLIB/SixsStep.o
 .debug_abbrev  0x00000000000004f4      0x2c1 ./Core/Src/main.o
 .debug_abbrev  0x00000000000007b5      0x26a ./Core/Src/stm32f3xx_hal_msp.o
 .debug_abbrev  0x0000000000000a1f      0x1e8 ./Core/Src/stm32f3xx_it.o
 .debug_abbrev  0x0000000000000c07      0x116 ./Core/Src/system_stm32f3xx.o
 .debug_abbrev  0x0000000000000d1d       0x12 ./Core/Startup/startup_stm32f302r8tx.o
 .debug_abbrev  0x0000000000000d2f      0x20e ./Drivers/STM32F3xx_HAL_Driver/Src/stm32f3xx_hal.o
 .debug_abbrev  0x0000000000000f3d      0x17a ./Drivers/STM32F3xx_HAL_Driver/Src/stm32f3xx_hal_adc.o
 .debug_abbrev  0x00000000000010b7      0x27a ./Drivers/STM32F3xx_HAL_Driver/Src/stm32f3xx_hal_adc_ex.o
 .debug_abbrev  0x0000000000001331      0x2ed ./Drivers/STM32F3xx_HAL_Driver/Src/stm32f3xx_hal_cortex.o
 .debug_abbrev  0x000000000000161e      0x1fe ./Drivers/STM32F3xx_HAL_Driver/Src/stm32f3xx_hal_dma.o
 .debug_abbrev  0x000000000000181c      0x1bb ./Drivers/STM32F3xx_HAL_Driver/Src/stm32f3xx_hal_gpio.o
 .debug_abbrev  0x00000000000019d7      0x2f9 ./Drivers/STM32F3xx_HAL_Driver/Src/stm32f3xx_hal_rcc.o
 .debug_abbrev  0x0000000000001cd0      0x22d ./Drivers/STM32F3xx_HAL_Driver/Src/stm32f3xx_hal_rcc_ex.o
 .debug_abbrev  0x0000000000001efd      0x264 ./Drivers/STM32F3xx_HAL_Driver/Src/stm32f3xx_hal_tim.o
 .debug_abbrev  0x0000000000002161      0x26c ./Drivers/STM32F3xx_HAL_Driver/Src/stm32f3xx_hal_tim_ex.o
 .debug_abbrev  0x00000000000023cd      0x2bc ./Drivers/STM32F3xx_HAL_Driver/Src/stm32f3xx_hal_uart.o

.debug_aranges  0x0000000000000000      0xfa8
 .debug_aranges
                0x0000000000000000       0x20 ./Core/MCLIB/ControlFunctions.o
 .debug_aranges
                0x0000000000000020       0x28 ./Core/MCLIB/GeneralFunctions.o
 .debug_aranges
                0x0000000000000048       0x18 ./Core/MCLIB/GlogalVariables.o
 .debug_aranges
                0x0000000000000060       0x60 ./Core/MCLIB/SignalReadWrite.o
 .debug_aranges
                0x00000000000000c0       0x58 ./Core/MCLIB/SixsStep.o
 .debug_aranges
                0x0000000000000118       0x60 ./Core/Src/main.o
 .debug_aranges
                0x0000000000000178       0x68 ./Core/Src/stm32f3xx_hal_msp.o
 .debug_aranges
                0x00000000000001e0       0x70 ./Core/Src/stm32f3xx_it.o
 .debug_aranges
                0x0000000000000250       0x28 ./Core/Src/system_stm32f3xx.o
 .debug_aranges
                0x0000000000000278       0x28 ./Core/Startup/startup_stm32f302r8tx.o
 .debug_aranges
                0x00000000000002a0       0xe0 ./Drivers/STM32F3xx_HAL_Driver/Src/stm32f3xx_hal.o
 .debug_aranges
                0x0000000000000380       0xc8 ./Drivers/STM32F3xx_HAL_Driver/Src/stm32f3xx_hal_adc.o
 .debug_aranges
                0x0000000000000448      0x140 ./Drivers/STM32F3xx_HAL_Driver/Src/stm32f3xx_hal_adc_ex.o
 .debug_aranges
                0x0000000000000588      0x100 ./Drivers/STM32F3xx_HAL_Driver/Src/stm32f3xx_hal_cortex.o
 .debug_aranges
                0x0000000000000688       0x88 ./Drivers/STM32F3xx_HAL_Driver/Src/stm32f3xx_hal_dma.o
 .debug_aranges
                0x0000000000000710       0x58 ./Drivers/STM32F3xx_HAL_Driver/Src/stm32f3xx_hal_gpio.o
 .debug_aranges
                0x0000000000000768       0x88 ./Drivers/STM32F3xx_HAL_Driver/Src/stm32f3xx_hal_rcc.o
 .debug_aranges
                0x00000000000007f0       0x38 ./Drivers/STM32F3xx_HAL_Driver/Src/stm32f3xx_hal_rcc_ex.o
 .debug_aranges
                0x0000000000000828      0x3e0 ./Drivers/STM32F3xx_HAL_Driver/Src/stm32f3xx_hal_tim.o
 .debug_aranges
                0x0000000000000c08      0x178 ./Drivers/STM32F3xx_HAL_Driver/Src/stm32f3xx_hal_tim_ex.o
 .debug_aranges
                0x0000000000000d80      0x228 ./Drivers/STM32F3xx_HAL_Driver/Src/stm32f3xx_hal_uart.o

.debug_ranges   0x0000000000000000      0xe88
 .debug_ranges  0x0000000000000000       0x10 ./Core/MCLIB/ControlFunctions.o
 .debug_ranges  0x0000000000000010       0x18 ./Core/MCLIB/GeneralFunctions.o
 .debug_ranges  0x0000000000000028       0x50 ./Core/MCLIB/SignalReadWrite.o
 .debug_ranges  0x0000000000000078       0x48 ./Core/MCLIB/SixsStep.o
 .debug_ranges  0x00000000000000c0       0x50 ./Core/Src/main.o
 .debug_ranges  0x0000000000000110       0x58 ./Core/Src/stm32f3xx_hal_msp.o
 .debug_ranges  0x0000000000000168       0x60 ./Core/Src/stm32f3xx_it.o
 .debug_ranges  0x00000000000001c8       0x18 ./Core/Src/system_stm32f3xx.o
 .debug_ranges  0x00000000000001e0       0x20 ./Core/Startup/startup_stm32f302r8tx.o
 .debug_ranges  0x0000000000000200       0xd0 ./Drivers/STM32F3xx_HAL_Driver/Src/stm32f3xx_hal.o
 .debug_ranges  0x00000000000002d0       0xb8 ./Drivers/STM32F3xx_HAL_Driver/Src/stm32f3xx_hal_adc.o
 .debug_ranges  0x0000000000000388      0x130 ./Drivers/STM32F3xx_HAL_Driver/Src/stm32f3xx_hal_adc_ex.o
 .debug_ranges  0x00000000000004b8       0xf0 ./Drivers/STM32F3xx_HAL_Driver/Src/stm32f3xx_hal_cortex.o
 .debug_ranges  0x00000000000005a8       0x78 ./Drivers/STM32F3xx_HAL_Driver/Src/stm32f3xx_hal_dma.o
 .debug_ranges  0x0000000000000620       0x48 ./Drivers/STM32F3xx_HAL_Driver/Src/stm32f3xx_hal_gpio.o
 .debug_ranges  0x0000000000000668       0x78 ./Drivers/STM32F3xx_HAL_Driver/Src/stm32f3xx_hal_rcc.o
 .debug_ranges  0x00000000000006e0       0x28 ./Drivers/STM32F3xx_HAL_Driver/Src/stm32f3xx_hal_rcc_ex.o
 .debug_ranges  0x0000000000000708      0x3d0 ./Drivers/STM32F3xx_HAL_Driver/Src/stm32f3xx_hal_tim.o
 .debug_ranges  0x0000000000000ad8      0x168 ./Drivers/STM32F3xx_HAL_Driver/Src/stm32f3xx_hal_tim_ex.o
 .debug_ranges  0x0000000000000c40      0x248 ./Drivers/STM32F3xx_HAL_Driver/Src/stm32f3xx_hal_uart.o

.debug_macro    0x0000000000000000    0x1c796
 .debug_macro   0x0000000000000000      0x1f7 ./Core/MCLIB/ControlFunctions.o
 .debug_macro   0x00000000000001f7      0xa78 ./Core/MCLIB/ControlFunctions.o
 .debug_macro   0x0000000000000c6f      0x15d ./Core/MCLIB/ControlFunctions.o
 .debug_macro   0x0000000000000dcc       0x2e ./Core/MCLIB/ControlFunctions.o
 .debug_macro   0x0000000000000dfa       0x28 ./Core/MCLIB/ControlFunctions.o
 .debug_macro   0x0000000000000e22       0x22 ./Core/MCLIB/ControlFunctions.o
 .debug_macro   0x0000000000000e44       0x8e ./Core/MCLIB/ControlFunctions.o
 .debug_macro   0x0000000000000ed2       0x51 ./Core/MCLIB/ControlFunctions.o
 .debug_macro   0x0000000000000f23      0x103 ./Core/MCLIB/ControlFunctions.o
 .debug_macro   0x0000000000001026       0x6a ./Core/MCLIB/ControlFunctions.o
 .debug_macro   0x0000000000001090      0x1df ./Core/MCLIB/ControlFunctions.o
 .debug_macro   0x000000000000126f       0x1c ./Core/MCLIB/ControlFunctions.o
 .debug_macro   0x000000000000128b       0x22 ./Core/MCLIB/ControlFunctions.o
 .debug_macro   0x00000000000012ad       0xd9 ./Core/MCLIB/ControlFunctions.o
 .debug_macro   0x0000000000001386      0xf07 ./Core/MCLIB/ControlFunctions.o
 .debug_macro   0x000000000000228d    0x110e8 ./Core/MCLIB/ControlFunctions.o
 .debug_macro   0x0000000000013375       0x6d ./Core/MCLIB/ControlFunctions.o
 .debug_macro   0x00000000000133e2     0x3558 ./Core/MCLIB/ControlFunctions.o
 .debug_macro   0x000000000001693a      0x174 ./Core/MCLIB/ControlFunctions.o
 .debug_macro   0x0000000000016aae       0x55 ./Core/MCLIB/ControlFunctions.o
 .debug_macro   0x0000000000016b03      0x8f8 ./Core/MCLIB/ControlFunctions.o
 .debug_macro   0x00000000000173fb      0x41b ./Core/MCLIB/ControlFunctions.o
 .debug_macro   0x0000000000017816      0x1b5 ./Core/MCLIB/ControlFunctions.o
 .debug_macro   0x00000000000179cb      0x161 ./Core/MCLIB/ControlFunctions.o
 .debug_macro   0x0000000000017b2c      0x1d5 ./Core/MCLIB/ControlFunctions.o
 .debug_macro   0x0000000000017d01      0x1bc ./Core/MCLIB/ControlFunctions.o
 .debug_macro   0x0000000000017ebd       0x34 ./Core/MCLIB/ControlFunctions.o
 .debug_macro   0x0000000000017ef1       0x3c ./Core/MCLIB/ControlFunctions.o
 .debug_macro   0x0000000000017f2d       0x57 ./Core/MCLIB/ControlFunctions.o
 .debug_macro   0x0000000000017f84      0x7b9 ./Core/MCLIB/ControlFunctions.o
 .debug_macro   0x000000000001873d       0x77 ./Core/MCLIB/ControlFunctions.o
 .debug_macro   0x00000000000187b4       0xc5 ./Core/MCLIB/ControlFunctions.o
 .debug_macro   0x0000000000018879      0x19f ./Core/MCLIB/ControlFunctions.o
 .debug_macro   0x0000000000018a18      0x22c ./Core/MCLIB/ControlFunctions.o
 .debug_macro   0x0000000000018c44       0x5b ./Core/MCLIB/ControlFunctions.o
 .debug_macro   0x0000000000018c9f       0xa5 ./Core/MCLIB/ControlFunctions.o
 .debug_macro   0x0000000000018d44       0x81 ./Core/MCLIB/ControlFunctions.o
 .debug_macro   0x0000000000018dc5       0xd3 ./Core/MCLIB/ControlFunctions.o
 .debug_macro   0x0000000000018e98      0xa59 ./Core/MCLIB/ControlFunctions.o
 .debug_macro   0x00000000000198f1       0x41 ./Core/MCLIB/ControlFunctions.o
 .debug_macro   0x0000000000019932      0x5ba ./Core/MCLIB/ControlFunctions.o
 .debug_macro   0x0000000000019eec       0x44 ./Core/MCLIB/ControlFunctions.o
 .debug_macro   0x0000000000019f30      0x1f7 ./Core/MCLIB/ControlFunctions.o
 .debug_macro   0x000000000001a127       0x94 ./Core/MCLIB/ControlFunctions.o
 .debug_macro   0x000000000001a1bb      0x200 ./Core/MCLIB/GeneralFunctions.o
 .debug_macro   0x000000000001a3bb       0x5e ./Core/MCLIB/GeneralFunctions.o
 .debug_macro   0x000000000001a419      0x1fc ./Core/MCLIB/GlogalVariables.o
 .debug_macro   0x000000000001a615       0x58 ./Core/MCLIB/GlogalVariables.o
 .debug_macro   0x000000000001a66d      0x200 ./Core/MCLIB/SignalReadWrite.o
 .debug_macro   0x000000000001a86d      0x21e ./Core/MCLIB/SixsStep.o
 .debug_macro   0x000000000001aa8b      0x20a ./Core/Src/main.o
 .debug_macro   0x000000000001ac95      0x1ed ./Core/Src/stm32f3xx_hal_msp.o
 .debug_macro   0x000000000001ae82      0x214 ./Core/Src/stm32f3xx_it.o
 .debug_macro   0x000000000001b096      0x1de ./Core/Src/system_stm32f3xx.o
 .debug_macro   0x000000000001b274      0x202 ./Drivers/STM32F3xx_HAL_Driver/Src/stm32f3xx_hal.o
 .debug_macro   0x000000000001b476      0x1df ./Drivers/STM32F3xx_HAL_Driver/Src/stm32f3xx_hal_adc.o
 .debug_macro   0x000000000001b655      0x208 ./Drivers/STM32F3xx_HAL_Driver/Src/stm32f3xx_hal_adc_ex.o
 .debug_macro   0x000000000001b85d      0x1de ./Drivers/STM32F3xx_HAL_Driver/Src/stm32f3xx_hal_cortex.o
 .debug_macro   0x000000000001ba3b      0x1de ./Drivers/STM32F3xx_HAL_Driver/Src/stm32f3xx_hal_dma.o
 .debug_macro   0x000000000001bc19      0x1e5 ./Drivers/STM32F3xx_HAL_Driver/Src/stm32f3xx_hal_gpio.o
 .debug_macro   0x000000000001bdfe      0x202 ./Drivers/STM32F3xx_HAL_Driver/Src/stm32f3xx_hal_rcc.o
 .debug_macro   0x000000000001c000      0x1de ./Drivers/STM32F3xx_HAL_Driver/Src/stm32f3xx_hal_rcc_ex.o
 .debug_macro   0x000000000001c1de      0x1df ./Drivers/STM32F3xx_HAL_Driver/Src/stm32f3xx_hal_tim.o
 .debug_macro   0x000000000001c3bd      0x1de ./Drivers/STM32F3xx_HAL_Driver/Src/stm32f3xx_hal_tim_ex.o
 .debug_macro   0x000000000001c59b      0x1fb ./Drivers/STM32F3xx_HAL_Driver/Src/stm32f3xx_hal_uart.o

.debug_line     0x0000000000000000    0x144e6
 .debug_line    0x0000000000000000      0x738 ./Core/MCLIB/ControlFunctions.o
 .debug_line    0x0000000000000738      0x780 ./Core/MCLIB/GeneralFunctions.o
 .debug_line    0x0000000000000eb8      0x70d ./Core/MCLIB/GlogalVariables.o
 .debug_line    0x00000000000015c5      0x8b0 ./Core/MCLIB/SignalReadWrite.o
 .debug_line    0x0000000000001e75      0xaa6 ./Core/MCLIB/SixsStep.o
 .debug_line    0x000000000000291b      0xaa8 ./Core/Src/main.o
 .debug_line    0x00000000000033c3      0x8c5 ./Core/Src/stm32f3xx_hal_msp.o
 .debug_line    0x0000000000003c88      0x8ca ./Core/Src/stm32f3xx_it.o
 .debug_line    0x0000000000004552      0x787 ./Core/Src/system_stm32f3xx.o
 .debug_line    0x0000000000004cd9       0x88 ./Core/Startup/startup_stm32f302r8tx.o
 .debug_line    0x0000000000004d61      0x9bc ./Drivers/STM32F3xx_HAL_Driver/Src/stm32f3xx_hal.o
 .debug_line    0x000000000000571d      0x900 ./Drivers/STM32F3xx_HAL_Driver/Src/stm32f3xx_hal_adc.o
 .debug_line    0x000000000000601d     0x1ba3 ./Drivers/STM32F3xx_HAL_Driver/Src/stm32f3xx_hal_adc_ex.o
 .debug_line    0x0000000000007bc0      0xba4 ./Drivers/STM32F3xx_HAL_Driver/Src/stm32f3xx_hal_cortex.o
 .debug_line    0x0000000000008764      0xcaa ./Drivers/STM32F3xx_HAL_Driver/Src/stm32f3xx_hal_dma.o
 .debug_line    0x000000000000940e      0xb07 ./Drivers/STM32F3xx_HAL_Driver/Src/stm32f3xx_hal_gpio.o
 .debug_line    0x0000000000009f15     0x1399 ./Drivers/STM32F3xx_HAL_Driver/Src/stm32f3xx_hal_rcc.o
 .debug_line    0x000000000000b2ae      0xbf9 ./Drivers/STM32F3xx_HAL_Driver/Src/stm32f3xx_hal_rcc_ex.o
 .debug_line    0x000000000000bea7     0x3bba ./Drivers/STM32F3xx_HAL_Driver/Src/stm32f3xx_hal_tim.o
 .debug_line    0x000000000000fa61     0x1a02 ./Drivers/STM32F3xx_HAL_Driver/Src/stm32f3xx_hal_tim_ex.o
 .debug_line    0x0000000000011463     0x3083 ./Drivers/STM32F3xx_HAL_Driver/Src/stm32f3xx_hal_uart.o

.debug_str      0x0000000000000000    0xa90ec
 .debug_str     0x0000000000000000    0xa45c3 ./Core/MCLIB/ControlFunctions.o
                                      0xa4857 (size before relaxing)
 .debug_str     0x00000000000a45c3      0x1f3 ./Core/MCLIB/GeneralFunctions.o
                                      0xa49b1 (size before relaxing)
 .debug_str     0x00000000000a47b6       0xd7 ./Core/MCLIB/GlogalVariables.o
                                      0xa4a2e (size before relaxing)
 .debug_str     0x00000000000a488d      0x2a4 ./Core/MCLIB/SignalReadWrite.o
                                      0xa4cab (size before relaxing)
 .debug_str     0x00000000000a4b31      0x30f ./Core/MCLIB/SixsStep.o
                                      0xa4dd1 (size before relaxing)
 .debug_str     0x00000000000a4e40     0x1284 ./Core/Src/main.o
                                      0xa5fe0 (size before relaxing)
 .debug_str     0x00000000000a60c4      0x142 ./Core/Src/stm32f3xx_hal_msp.o
                                      0xa5766 (size before relaxing)
 .debug_str     0x00000000000a6206      0x135 ./Core/Src/stm32f3xx_it.o
                                      0xa4fca (size before relaxing)
 .debug_str     0x00000000000a633b       0xdf ./Core/Src/system_stm32f3xx.o
                                      0xa4727 (size before relaxing)
 .debug_str     0x00000000000a641a       0x36 ./Core/Startup/startup_stm32f302r8tx.o
                                         0x75 (size before relaxing)
 .debug_str     0x00000000000a6450      0x384 ./Drivers/STM32F3xx_HAL_Driver/Src/stm32f3xx_hal.o
                                      0xa4e81 (size before relaxing)
 .debug_str     0x00000000000a67d4      0x1d8 ./Drivers/STM32F3xx_HAL_Driver/Src/stm32f3xx_hal_adc.o
                                      0xa4d14 (size before relaxing)
 .debug_str     0x00000000000a69ac      0x4ea ./Drivers/STM32F3xx_HAL_Driver/Src/stm32f3xx_hal_adc_ex.o
                                      0xa5349 (size before relaxing)
 .debug_str     0x00000000000a6e96      0x218 ./Drivers/STM32F3xx_HAL_Driver/Src/stm32f3xx_hal_cortex.o
                                      0xa4da6 (size before relaxing)
 .debug_str     0x00000000000a70ae      0x1fa ./Drivers/STM32F3xx_HAL_Driver/Src/stm32f3xx_hal_dma.o
                                      0xa4a6f (size before relaxing)
 .debug_str     0x00000000000a72a8      0x107 ./Drivers/STM32F3xx_HAL_Driver/Src/stm32f3xx_hal_gpio.o
                                      0xa489d (size before relaxing)
 .debug_str     0x00000000000a73af      0x2ca ./Drivers/STM32F3xx_HAL_Driver/Src/stm32f3xx_hal_rcc.o
                                      0xa4bc7 (size before relaxing)
 .debug_str     0x00000000000a7679       0xbe ./Drivers/STM32F3xx_HAL_Driver/Src/stm32f3xx_hal_rcc_ex.o
                                      0xa494b (size before relaxing)
 .debug_str     0x00000000000a7737      0xd59 ./Drivers/STM32F3xx_HAL_Driver/Src/stm32f3xx_hal_tim.o
                                      0xa5b4e (size before relaxing)
 .debug_str     0x00000000000a8490      0x3ed ./Drivers/STM32F3xx_HAL_Driver/Src/stm32f3xx_hal_tim_ex.o
                                      0xa53a4 (size before relaxing)
 .debug_str     0x00000000000a887d      0x86f ./Drivers/STM32F3xx_HAL_Driver/Src/stm32f3xx_hal_uart.o
                                      0xa544a (size before relaxing)

.comment        0x0000000000000000       0x50
 .comment       0x0000000000000000       0x50 ./Core/MCLIB/ControlFunctions.o
                                         0x51 (size before relaxing)
 .comment       0x0000000000000050       0x51 ./Core/MCLIB/GeneralFunctions.o
 .comment       0x0000000000000050       0x51 ./Core/MCLIB/GlogalVariables.o
 .comment       0x0000000000000050       0x51 ./Core/MCLIB/SignalReadWrite.o
 .comment       0x0000000000000050       0x51 ./Core/MCLIB/SixsStep.o
 .comment       0x0000000000000050       0x51 ./Core/Src/main.o
 .comment       0x0000000000000050       0x51 ./Core/Src/stm32f3xx_hal_msp.o
 .comment       0x0000000000000050       0x51 ./Core/Src/stm32f3xx_it.o
 .comment       0x0000000000000050       0x51 ./Core/Src/system_stm32f3xx.o
 .comment       0x0000000000000050       0x51 ./Drivers/STM32F3xx_HAL_Driver/Src/stm32f3xx_hal.o
 .comment       0x0000000000000050       0x51 ./Drivers/STM32F3xx_HAL_Driver/Src/stm32f3xx_hal_adc.o
 .comment       0x0000000000000050       0x51 ./Drivers/STM32F3xx_HAL_Driver/Src/stm32f3xx_hal_adc_ex.o
 .comment       0x0000000000000050       0x51 ./Drivers/STM32F3xx_HAL_Driver/Src/stm32f3xx_hal_cortex.o
 .comment       0x0000000000000050       0x51 ./Drivers/STM32F3xx_HAL_Driver/Src/stm32f3xx_hal_dma.o
 .comment       0x0000000000000050       0x51 ./Drivers/STM32F3xx_HAL_Driver/Src/stm32f3xx_hal_gpio.o
 .comment       0x0000000000000050       0x51 ./Drivers/STM32F3xx_HAL_Driver/Src/stm32f3xx_hal_rcc.o
 .comment       0x0000000000000050       0x51 ./Drivers/STM32F3xx_HAL_Driver/Src/stm32f3xx_hal_rcc_ex.o
 .comment       0x0000000000000050       0x51 ./Drivers/STM32F3xx_HAL_Driver/Src/stm32f3xx_hal_tim.o
 .comment       0x0000000000000050       0x51 ./Drivers/STM32F3xx_HAL_Driver/Src/stm32f3xx_hal_tim_ex.o
 .comment       0x0000000000000050       0x51 ./Drivers/STM32F3xx_HAL_Driver/Src/stm32f3xx_hal_uart.o

.debug_frame    0x0000000000000000     0x4110
 .debug_frame   0x0000000000000000       0x38 ./Core/MCLIB/ControlFunctions.o
 .debug_frame   0x0000000000000038       0x60 ./Core/MCLIB/GeneralFunctions.o
 .debug_frame   0x0000000000000098      0x170 ./Core/MCLIB/SignalReadWrite.o
 .debug_frame   0x0000000000000208      0x150 ./Core/MCLIB/SixsStep.o
 .debug_frame   0x0000000000000358      0x138 ./Core/Src/main.o
 .debug_frame   0x0000000000000490      0x180 ./Core/Src/stm32f3xx_hal_msp.o
 .debug_frame   0x0000000000000610      0x144 ./Core/Src/stm32f3xx_it.o
 .debug_frame   0x0000000000000754       0x58 ./Core/Src/system_stm32f3xx.o
 .debug_frame   0x00000000000007ac      0x334 ./Drivers/STM32F3xx_HAL_Driver/Src/stm32f3xx_hal.o
 .debug_frame   0x0000000000000ae0      0x380 ./Drivers/STM32F3xx_HAL_Driver/Src/stm32f3xx_hal_adc.o
 .debug_frame   0x0000000000000e60      0x57c ./Drivers/STM32F3xx_HAL_Driver/Src/stm32f3xx_hal_adc_ex.o
 .debug_frame   0x00000000000013dc      0x428 ./Drivers/STM32F3xx_HAL_Driver/Src/stm32f3xx_hal_cortex.o
 .debug_frame   0x0000000000001804      0x224 ./Drivers/STM32F3xx_HAL_Driver/Src/stm32f3xx_hal_dma.o
 .debug_frame   0x0000000000001a28      0x14c ./Drivers/STM32F3xx_HAL_Driver/Src/stm32f3xx_hal_gpio.o
 .debug_frame   0x0000000000001b74      0x214 ./Drivers/STM32F3xx_HAL_Driver/Src/stm32f3xx_hal_rcc.o
 .debug_frame   0x0000000000001d88       0xb0 ./Drivers/STM32F3xx_HAL_Driver/Src/stm32f3xx_hal_rcc_ex.o
 .debug_frame   0x0000000000001e38     0x121c ./Drivers/STM32F3xx_HAL_Driver/Src/stm32f3xx_hal_tim.o
 .debug_frame   0x0000000000003054      0x688 ./Drivers/STM32F3xx_HAL_Driver/Src/stm32f3xx_hal_tim_ex.o
 .debug_frame   0x00000000000036dc      0x9e8 ./Drivers/STM32F3xx_HAL_Driver/Src/stm32f3xx_hal_uart.o
 .debug_frame   0x00000000000040c4       0x2c c:/st/stm32cubeide_1.12.1/stm32cubeide/plugins/com.st.stm32cube.ide.mcu.externaltools.gnu-tools-for-stm32.10.3-2021.10.win32_1.0.200.202301161003/tools/bin/../lib/gcc/arm-none-eabi/10.3.1/../../../../arm-none-eabi/lib/thumb/v7e-m+fp/hard\libc_nano.a(lib_a-init.o)
 .debug_frame   0x00000000000040f0       0x20 c:/st/stm32cubeide_1.12.1/stm32cubeide/plugins/com.st.stm32cube.ide.mcu.externaltools.gnu-tools-for-stm32.10.3-2021.10.win32_1.0.200.202301161003/tools/bin/../lib/gcc/arm-none-eabi/10.3.1/../../../../arm-none-eabi/lib/thumb/v7e-m+fp/hard\libc_nano.a(lib_a-memset.o)
