../Core/Src/main.c:588:13:MX_GPIO_Init	64	static
../Core/Src/main.c:570:13:MX_DMA_Init	16	static
../Core/Src/main.c:638:6:Error_Handler	0	static,ignoring_inline_asm
../Core/Src/main.c:537:13:MX_USART2_UART_Init	8	static
../Core/Src/main.c:223:13:MX_ADC1_Init	72	static
../Core/Src/main.c:327:13:MX_TIM1_Init	96	static
../Core/Src/main.c:411:13:MX_TIM2_Init	40	static
../Core/Src/main.c:467:13:MX_TIM6_Init	24	static
../Core/Src/main.c:505:13:MX_TIM16_Init	8	static
../Core/Src/main.c:172:6:SystemClock_Config	120	static
../Core/Src/main.c:84:5:main	8	static
