../Core/Src/stm32f3xx_hal_msp.c:66:6:HAL_MspInit	16	static
../Core/Src/stm32f3xx_hal_msp.c:92:6:HAL_ADC_MspInit	56	static
../Core/Src/stm32f3xx_hal_msp.c:164:6:HAL_ADC_MspDeInit	8	static
../Core/Src/stm32f3xx_hal_msp.c:208:6:HAL_TIM_PWM_MspInit	8	static
../Core/Src/stm32f3xx_hal_msp.c:230:6:HAL_TIM_IC_MspInit	48	static
../Core/Src/stm32f3xx_hal_msp.c:275:6:HAL_TIM_Base_MspInit	16	static
../Core/Src/stm32f3xx_hal_msp.c:305:6:HAL_TIM_MspPostInit	48	static
../Core/Src/stm32f3xx_hal_msp.c:357:6:HAL_TIM_PWM_MspDeInit	0	static
../Core/Src/stm32f3xx_hal_msp.c:379:6:HAL_TIM_IC_MspDeInit	8	static
../Core/Src/stm32f3xx_hal_msp.c:411:6:HAL_TIM_Base_MspDeInit	8	static
../Core/Src/stm32f3xx_hal_msp.c:447:6:HAL_UART_MspInit	40	static
../Core/Src/stm32f3xx_hal_msp.c:483:6:HAL_UART_MspDeInit	8	static
