../Core/MCLIB/SignalReadWrite.c:23:9:readButton1	16	static
../Core/MCLIB/SignalReadWrite.c:30:10:readInputCaptureCnt	8	static
../Core/MCLIB/SignalReadWrite.c:40:7:readTimeInterval	0	static
../Core/MCLIB/SignalReadWrite.c:62:7:readVolume	0	static
../Core/MCLIB/SignalReadWrite.c:74:7:readVdc	0	static
../Core/MCLIB/SignalReadWrite.c:82:6:readCurrent	4	static
../Core/MCLIB/SignalReadWrite.c:92:6:readHallSignal	16	static
../Core/MCLIB/SignalReadWrite.c:99:6:readElectFreqFromHallSignal	16	static
../Core/MCLIB/SignalReadWrite.c:131:6:writeOutputMode	8	static
../Core/MCLIB/SignalReadWrite.c:150:6:writeDuty	0	static
